{
  "available_archives": [
    {
      "name": "All the crates",
      "path": "logs-archives/all.tar.gz"
    },
    {
      "name": "test-pass crates",
      "path": "logs-archives/test-pass.tar.gz"
    },
    {
      "name": "build-fail crates",
      "path": "logs-archives/build-fail.tar.gz"
    }
  ],
  "crates_count": 2,
  "nav": [
    {
      "active": false,
      "label": "Summary",
      "url": "index.html"
    },
    {
      "active": false,
      "label": "Full report",
      "url": "full.html"
    },
    {
      "active": true,
      "label": "Downloads",
      "url": "downloads.html"
    }
  ]
}
